Archive member included to satisfy reference by file (symbol)

c:/mounriver/mrs_community/toolchain/risc-v embedded gcc/bin/../lib/gcc/riscv-none-embed/8.2.0/../../../../riscv-none-embed/lib/rv32imac/ilp32\libg_nano.a(lib_a-memcpy.o)
                              ./User/USB_Device/ch32v30x_usbhs_device.o (memcpy)
c:/mounriver/mrs_community/toolchain/risc-v embedded gcc/bin/../lib/gcc/riscv-none-embed/8.2.0/../../../../riscv-none-embed/lib/rv32imac/ilp32\libg_nano.a(lib_a-printf.o)
                              ./User/UART/UART.o (printf)
c:/mounriver/mrs_community/toolchain/risc-v embedded gcc/bin/../lib/gcc/riscv-none-embed/8.2.0/../../../../riscv-none-embed/lib/rv32imac/ilp32\libg_nano.a(lib_a-puts.o)
                              ./User/main.o (puts)
c:/mounriver/mrs_community/toolchain/risc-v embedded gcc/bin/../lib/gcc/riscv-none-embed/8.2.0/../../../../riscv-none-embed/lib/rv32imac/ilp32\libg_nano.a(lib_a-wbuf.o)
                              c:/mounriver/mrs_community/toolchain/risc-v embedded gcc/bin/../lib/gcc/riscv-none-embed/8.2.0/../../../../riscv-none-embed/lib/rv32imac/ilp32\libg_nano.a(lib_a-puts.o) (__swbuf_r)
c:/mounriver/mrs_community/toolchain/risc-v embedded gcc/bin/../lib/gcc/riscv-none-embed/8.2.0/../../../../riscv-none-embed/lib/rv32imac/ilp32\libg_nano.a(lib_a-wsetup.o)
                              c:/mounriver/mrs_community/toolchain/risc-v embedded gcc/bin/../lib/gcc/riscv-none-embed/8.2.0/../../../../riscv-none-embed/lib/rv32imac/ilp32\libg_nano.a(lib_a-puts.o) (__swsetup_r)
c:/mounriver/mrs_community/toolchain/risc-v embedded gcc/bin/../lib/gcc/riscv-none-embed/8.2.0/../../../../riscv-none-embed/lib/rv32imac/ilp32\libg_nano.a(lib_a-fflush.o)
                              c:/mounriver/mrs_community/toolchain/risc-v embedded gcc/bin/../lib/gcc/riscv-none-embed/8.2.0/../../../../riscv-none-embed/lib/rv32imac/ilp32\libg_nano.a(lib_a-wbuf.o) (_fflush_r)
c:/mounriver/mrs_community/toolchain/risc-v embedded gcc/bin/../lib/gcc/riscv-none-embed/8.2.0/../../../../riscv-none-embed/lib/rv32imac/ilp32\libg_nano.a(lib_a-findfp.o)
                              c:/mounriver/mrs_community/toolchain/risc-v embedded gcc/bin/../lib/gcc/riscv-none-embed/8.2.0/../../../../riscv-none-embed/lib/rv32imac/ilp32\libg_nano.a(lib_a-printf.o) (__sinit)
c:/mounriver/mrs_community/toolchain/risc-v embedded gcc/bin/../lib/gcc/riscv-none-embed/8.2.0/../../../../riscv-none-embed/lib/rv32imac/ilp32\libg_nano.a(lib_a-fwalk.o)
                              c:/mounriver/mrs_community/toolchain/risc-v embedded gcc/bin/../lib/gcc/riscv-none-embed/8.2.0/../../../../riscv-none-embed/lib/rv32imac/ilp32\libg_nano.a(lib_a-findfp.o) (_fwalk)
c:/mounriver/mrs_community/toolchain/risc-v embedded gcc/bin/../lib/gcc/riscv-none-embed/8.2.0/../../../../riscv-none-embed/lib/rv32imac/ilp32\libg_nano.a(lib_a-impure.o)
                              c:/mounriver/mrs_community/toolchain/risc-v embedded gcc/bin/../lib/gcc/riscv-none-embed/8.2.0/../../../../riscv-none-embed/lib/rv32imac/ilp32\libg_nano.a(lib_a-fflush.o) (_global_impure_ptr)
c:/mounriver/mrs_community/toolchain/risc-v embedded gcc/bin/../lib/gcc/riscv-none-embed/8.2.0/../../../../riscv-none-embed/lib/rv32imac/ilp32\libg_nano.a(lib_a-makebuf.o)
                              c:/mounriver/mrs_community/toolchain/risc-v embedded gcc/bin/../lib/gcc/riscv-none-embed/8.2.0/../../../../riscv-none-embed/lib/rv32imac/ilp32\libg_nano.a(lib_a-wsetup.o) (__smakebuf_r)
c:/mounriver/mrs_community/toolchain/risc-v embedded gcc/bin/../lib/gcc/riscv-none-embed/8.2.0/../../../../riscv-none-embed/lib/rv32imac/ilp32\libg_nano.a(lib_a-memset.o)
                              c:/mounriver/mrs_community/toolchain/risc-v embedded gcc/bin/../lib/gcc/riscv-none-embed/8.2.0/../../../../riscv-none-embed/lib/rv32imac/ilp32\libg_nano.a(lib_a-findfp.o) (memset)
c:/mounriver/mrs_community/toolchain/risc-v embedded gcc/bin/../lib/gcc/riscv-none-embed/8.2.0/../../../../riscv-none-embed/lib/rv32imac/ilp32\libg_nano.a(lib_a-nano-freer.o)
                              c:/mounriver/mrs_community/toolchain/risc-v embedded gcc/bin/../lib/gcc/riscv-none-embed/8.2.0/../../../../riscv-none-embed/lib/rv32imac/ilp32\libg_nano.a(lib_a-wsetup.o) (_free_r)
c:/mounriver/mrs_community/toolchain/risc-v embedded gcc/bin/../lib/gcc/riscv-none-embed/8.2.0/../../../../riscv-none-embed/lib/rv32imac/ilp32\libg_nano.a(lib_a-nano-mallocr.o)
                              c:/mounriver/mrs_community/toolchain/risc-v embedded gcc/bin/../lib/gcc/riscv-none-embed/8.2.0/../../../../riscv-none-embed/lib/rv32imac/ilp32\libg_nano.a(lib_a-findfp.o) (_malloc_r)
c:/mounriver/mrs_community/toolchain/risc-v embedded gcc/bin/../lib/gcc/riscv-none-embed/8.2.0/../../../../riscv-none-embed/lib/rv32imac/ilp32\libg_nano.a(lib_a-nano-vfprintf.o)
[...]
Memory Configuration

Name             Origin             Length             Attributes
FLASH            0x0000000000000000 0x0000000000048000 xr
RAM              0x0000000020000000 0x0000000000008000 xrw
*default*        0x0000000000000000 0xffffffffffffffff

Linker script and memory map

LOAD ./User/USB_Device/ch32v30x_usbhs_device.o
LOAD ./User/USB_Device/usb_desc.o
LOAD ./User/UART/UART.o
LOAD ./User/ch32v30x_it.o
LOAD ./User/main.o
LOAD ./User/system_ch32v30x.o
LOAD ./Startup/startup_ch32v30x_D8C.o
LOAD ./Peripheral/src/ch32v30x_adc.o
LOAD ./Peripheral/src/ch32v30x_bkp.o
LOAD ./Peripheral/src/ch32v30x_can.o
LOAD ./Peripheral/src/ch32v30x_crc.o
LOAD ./Peripheral/src/ch32v30x_dac.o
LOAD ./Peripheral/src/ch32v30x_dbgmcu.o
LOAD ./Peripheral/src/ch32v30x_dma.o
LOAD ./Peripheral/src/ch32v30x_dvp.o
LOAD ./Peripheral/src/ch32v30x_eth.o
LOAD ./Peripheral/src/ch32v30x_exti.o
LOAD ./Peripheral/src/ch32v30x_flash.o
LOAD ./Peripheral/src/ch32v30x_fsmc.o
LOAD ./Peripheral/src/ch32v30x_gpio.o
LOAD ./Peripheral/src/ch32v30x_i2c.o
LOAD ./Peripheral/src/ch32v30x_iwdg.o
LOAD ./Peripheral/src/ch32v30x_misc.o
LOAD ./Peripheral/src/ch32v30x_opa.o
LOAD ./Peripheral/src/ch32v30x_pwr.o
LOAD ./Peripheral/src/ch32v30x_rcc.o
LOAD ./Peripheral/src/ch32v30x_rng.o
LOAD ./Peripheral/src/ch32v30x_rtc.o
LOAD ./Peripheral/src/ch32v30x_sdio.o
LOAD ./Peripheral/src/ch32v30x_spi.o
LOAD ./Peripheral/src/ch32v30x_tim.o
LOAD ./Peripheral/src/ch32v30x_usart.o
LOAD ./Peripheral/src/ch32v30x_wwdg.o
LOAD ./Debug/debug.o
LOAD ./Core/core_riscv.o
LOAD c:/mounriver/mrs_community/toolchain/risc-v embedded gcc/bin/../lib/gcc/riscv-none-embed/8.2.0/rv32imac/ilp32\libgcc.a
LOAD c:/mounriver/mrs_community/toolchain/risc-v embedded gcc/bin/../lib/gcc/riscv-none-embed/8.2.0/../../../../riscv-none-embed/lib/rv32imac/ilp32\libg_nano.a
LOAD c:/mounriver/mrs_community/toolchain/risc-v embedded gcc/bin/../lib/gcc/riscv-none-embed/8.2.0/../../../../riscv-none-embed/lib/rv32imac/ilp32\libc_nano.a
LOAD c:/mounriver/mrs_community/toolchain/risc-v embedded gcc/bin/../lib/gcc/riscv-none-embed/8.2.0/rv32imac/ilp32\libgcc.a
START GROUP
LOAD c:/mounriver/mrs_community/toolchain/risc-v embedded gcc/bin/../lib/gcc/riscv-none-embed/8.2.0/rv32imac/ilp32\libgcc.a
LOAD c:/mounriver/mrs_community/toolchain/risc-v embedded gcc/bin/../lib/gcc/riscv-none-embed/8.2.0/../../../../riscv-none-embed/lib/rv32imac/ilp32\libc_nano.a
LOAD c:/mounriver/mrs_community/toolchain/risc-v embedded gcc/bin/../lib/gcc/riscv-none-embed/8.2.0/../../../../riscv-none-embed/lib/rv32imac/ilp32\libnosys.a
END GROUP
START GROUP
LOAD c:/mounriver/mrs_community/toolchain/risc-v embedded gcc/bin/../lib/gcc/riscv-none-embed/8.2.0/rv32imac/ilp32\libgcc.a
LOAD c:/mounriver/mrs_community/toolchain/risc-v embedded gcc/bin/../lib/gcc/riscv-none-embed/8.2.0/../../../../riscv-none-embed/lib/rv32imac/ilp32\libc_nano.a
LOAD c:/mounriver/mrs_community/toolchain/risc-v embedded gcc/bin/../lib/gcc/riscv-none-embed/8.2.0/../../../../riscv-none-embed/lib/rv32imac/ilp32\libnosys.a
END GROUP
                0x0000000000000800                __stack_size = 0x800
                [!provide]                        PROVIDE (_stack_size = __stack_size)

.init           0x0000000000000000        0x4
                0x0000000000000000                _sinit = .
                0x0000000000000000                . = ALIGN (0x4)
 *(SORT_NONE(.init))
 .init          0x0000000000000000        0x4 ./Startup/startup_ch32v30x_D8C.o
                0x0000000000000000                _start
                0x0000000000000004                . = ALIGN (0x4)
                0x0000000000000004                _einit = .

.vector         0x0000000000000004      0x1bc
 *(.vector)
 .vector        0x0000000000000004      0x1a0 ./Startup/startup_ch32v30x_D8C.o
                0x00000000000001c0                . = ALIGN (0x40)
 *fill*         0x00000000000001a4       0x1c 

.text           0x00000000000001c0     0x5048
                0x00000000000001c0                . = ALIGN (0x4)
 *(.text)
 .text          0x00000000000001c0       0xa8 c:/mounriver/mrs_community/toolchain/risc-v embedded gcc/bin/../lib/gcc/riscv-none-embed/8.2.0/../../../../riscv-none-embed/lib/rv32imac/ilp32\libg_nano.a(lib_a-memset.o)
                0x00000000000001c0                memset
 *(.text.*)
 .text.USB_TestMode_Deal
                0x0000000000000268      0x31c ./User/USB_Device/ch32v30x_usbhs_device.o
                0x0000000000000268                USB_TestMode_Deal
 .text.USBHS_RCC_Init
                0x0000000000000584       0x3c ./User/USB_Device/ch32v30x_usbhs_device.o
                0x0000000000000584                USBHS_RCC_Init
 .text.USBHS_Device_Endp_Init
                0x00000000000005c0      0x124 ./User/USB_Device/ch32v30x_usbhs_device.o
                0x00000000000005c0                USBHS_Device_Endp_Init
 .text.USBHS_Device_Init
                0x00000000000006e4      0x118 ./User/USB_Device/ch32v30x_usbhs_device.o
                0x00000000000006e4                USBHS_Device_Init
 .text.USBHS_IRQHandler
                0x00000000000007fc      0xfe8 ./User/USB_Device/ch32v30x_usbhs_device.o
                0x00000000000007fc                USBHS_IRQHandler
 .text.RCC_Configuration
                0x00000000000017e4       0x36 ./User/UART/UART.o
                0x00000000000017e4                RCC_Configuration
 .text.TIM2_Init
                0x000000000000181a       0xae ./User/UART/UART.o
                0x000000000000181a                TIM2_Init
 .text.UART2_CfgInit
                0x00000000000018c8      0x1a4 ./User/UART/UART.o
                0x00000000000018c8                UART2_CfgInit
 .text.UART2_ParaInit
                0x0000000000001a6c      0x10c ./User/UART/UART.o
                0x0000000000001a6c                UART2_ParaInit
 .text.UART2_DMAInit
                0x0000000000001b78      0x136 ./User/UART/UART.o
                0x0000000000001b78                UART2_DMAInit
 .text.UART2_Init
                0x0000000000001cae       0xa2 ./User/UART/UART.o
                0x0000000000001cae                UART2_Init
 .text.UART2_USB_Init
                0x0000000000001d50       0xd6 ./User/UART/UART.o
                0x0000000000001d50                UART2_USB_Init
 .text.NMI_Handler
                0x0000000000001e26       0x10 ./User/ch32v30x_it.o
                0x0000000000001e26                NMI_Handler
 .text.HardFault_Handler
                0x0000000000001e36        0x8 ./User/ch32v30x_it.o
                0x0000000000001e36                HardFault_Handler
 .text.TIM2_IRQHandler
                0x0000000000001e3e       0xce ./User/ch32v30x_it.o
                0x0000000000001e3e                TIM2_IRQHandler
 .text.send_hello
                0x0000000000001f0c       0x9e ./User/main.o
                0x0000000000001f0c                send_hello
 .text.increment_tick
                0x0000000000001faa       0x1a ./User/main.o
                0x0000000000001faa                increment_tick
 .text.main     0x0000000000001fc4      0x12a ./User/main.o
                0x0000000000001fc4                main
 .text.SystemInit
                0x00000000000020ee       0x98 ./User/system_ch32v30x.o
                0x00000000000020ee                SystemInit
 .text.SystemCoreClockUpdate
                0x0000000000002186      0x1d0 ./User/system_ch32v30x.o
                0x0000000000002186                SystemCoreClockUpdate
 .text.SetSysClock
                0x0000000000002356       0x14 ./User/system_ch32v30x.o
 .text.SetSysClockTo96_HSE
                0x000000000000236a      0x114 ./User/system_ch32v30x.o
 .text.vector_handler
                0x000000000000247e        0x2 ./Startup/startup_ch32v30x_D8C.o
                0x000000000000247e                EXTI2_IRQHandler
                0x000000000000247e                TIM8_TRG_COM_IRQHandler
                0x000000000000247e                TIM8_CC_IRQHandler
                0x000000000000247e                UART8_IRQHandler
                0x000000000000247e                TIM1_CC_IRQHandler
                0x000000000000247e                TIM6_IRQHandler
                0x000000000000247e                SysTick_Handler
                0x000000000000247e                PVD_IRQHandler
                0x000000000000247e                SDIO_IRQHandler
                0x000000000000247e                TIM9_BRK_IRQHandler
                0x000000000000247e                DMA2_Channel8_IRQHandler
                0x000000000000247e                CAN2_RX1_IRQHandler
                0x000000000000247e                EXTI3_IRQHandler
                0x000000000000247e                DMA2_Channel9_IRQHandler
                0x000000000000247e                TIM10_CC_IRQHandler
                0x000000000000247e                USBFS_IRQHandler
                0x000000000000247e                EXTI0_IRQHandler
                0x000000000000247e                I2C2_EV_IRQHandler
                0x000000000000247e                TIM10_TRG_COM_IRQHandler
                0x000000000000247e                CAN2_SCE_IRQHandler
                0x000000000000247e                ADC1_2_IRQHandler
                0x000000000000247e                Break_Point_Handler
                0x000000000000247e                SPI1_IRQHandler
                0x000000000000247e                TAMPER_IRQHandler
                0x000000000000247e                CAN2_RX0_IRQHandler
                0x000000000000247e                TIM8_UP_IRQHandler
                0x000000000000247e                Ecall_M_Mode_Handler
                0x000000000000247e                DMA2_Channel2_IRQHandler
                0x000000000000247e                DMA1_Channel4_IRQHandler
                0x000000000000247e                TIM9_UP_IRQHandler
                0x000000000000247e                USART3_IRQHandler
                0x000000000000247e                RTC_IRQHandler
                0x000000000000247e                DMA1_Channel7_IRQHandler
                0x000000000000247e                CAN1_RX1_IRQHandler
                0x000000000000247e                DVP_IRQHandler
                0x000000000000247e                UART5_IRQHandler
                0x000000000000247e                TIM4_IRQHandler
                0x000000000000247e                DMA2_Channel1_IRQHandler
                0x000000000000247e                I2C1_EV_IRQHandler
                0x000000000000247e                DMA1_Channel6_IRQHandler
                0x000000000000247e                UART4_IRQHandler
                0x000000000000247e                DMA2_Channel4_IRQHandler
                0x000000000000247e                TIM3_IRQHandler
                0x000000000000247e                RCC_IRQHandler
                0x000000000000247e                TIM1_TRG_COM_IRQHandler
                0x000000000000247e                DMA1_Channel1_IRQHandler
                0x000000000000247e                DMA2_Channel7_IRQHandler
                0x000000000000247e                EXTI15_10_IRQHandler
                0x000000000000247e                TIM7_IRQHandler
                0x000000000000247e                CAN2_TX_IRQHandler
                0x000000000000247e                TIM5_IRQHandler
                0x000000000000247e                EXTI9_5_IRQHandler
                0x000000000000247e                ETH_WKUP_IRQHandler
                0x000000000000247e                SPI2_IRQHandler
                0x000000000000247e                TIM10_BRK_IRQHandler
                0x000000000000247e                TIM9_CC_IRQHandler
                0x000000000000247e                DMA2_Channel5_IRQHandler
                0x000000000000247e                DMA1_Channel5_IRQHandler
                0x000000000000247e                EXTI4_IRQHandler
                0x000000000000247e                USB_LP_CAN1_RX0_IRQHandler
                0x000000000000247e                RNG_IRQHandler
                0x000000000000247e                USB_HP_CAN1_TX_IRQHandler
                0x000000000000247e                DMA1_Channel3_IRQHandler
                0x000000000000247e                ETH_IRQHandler
                0x000000000000247e                TIM1_UP_IRQHandler
                0x000000000000247e                WWDG_IRQHandler
                0x000000000000247e                USBHSWakeup_IRQHandler
                0x000000000000247e                DMA2_Channel11_IRQHandler
                0x000000000000247e                Ecall_U_Mode_Handler
                0x000000000000247e                DMA2_Channel6_IRQHandler
                0x000000000000247e                SW_Handler
                0x000000000000247e                TIM1_BRK_IRQHandler
                0x000000000000247e                DMA2_Channel10_IRQHandler
                0x000000000000247e                EXTI1_IRQHandler
                0x000000000000247e                RTCAlarm_IRQHandler
                0x000000000000247e                TIM10_UP_IRQHandler
                0x000000000000247e                TIM9_TRG_COM_IRQHandler
                0x000000000000247e                UART7_IRQHandler
                0x000000000000247e                USART2_IRQHandler
                0x000000000000247e                UART6_IRQHandler
                0x000000000000247e                I2C2_ER_IRQHandler
                0x000000000000247e                DMA1_Channel2_IRQHandler
                0x000000000000247e                TIM8_BRK_IRQHandler
                0x000000000000247e                CAN1_SCE_IRQHandler
                0x000000000000247e                FLASH_IRQHandler
                0x000000000000247e                USART1_IRQHandler
                0x000000000000247e                SPI3_IRQHandler
                0x000000000000247e                I2C1_ER_IRQHandler
                0x000000000000247e                USBWakeUp_IRQHandler
                0x000000000000247e                DMA2_Channel3_IRQHandler
 .text.handle_reset
                0x0000000000002480       0x8e ./Startup/startup_ch32v30x_D8C.o
                0x0000000000002480                handle_reset
 .text.DBGMCU_GetCHIPID
                0x000000000000250e       0x18 ./Peripheral/src/ch32v30x_dbgmcu.o
                0x000000000000250e                DBGMCU_GetCHIPID
 .text.DMA_DeInit
                0x0000000000002526      0x312 ./Peripheral/src/ch32v30x_dma.o
                0x0000000000002526                DMA_DeInit
 .text.DMA_Init
                0x0000000000002838       0xa8 ./Peripheral/src/ch32v30x_dma.o
                0x0000000000002838                DMA_Init
 .text.DMA_Cmd  0x00000000000028e0       0x40 ./Peripheral/src/ch32v30x_dma.o
                0x00000000000028e0                DMA_Cmd
 .text.GPIO_Init
                0x0000000000002920      0x22a ./Peripheral/src/ch32v30x_gpio.o
                0x0000000000002920                GPIO_Init
 .text.GPIO_SetBits
                0x0000000000002b4a       0x22 ./Peripheral/src/ch32v30x_gpio.o
                0x0000000000002b4a                GPIO_SetBits
 .text.RCC_GetClocksFreq
                0x0000000000002b6c      0x396 ./Peripheral/src/ch32v30x_rcc.o
                0x0000000000002b6c                RCC_GetClocksFreq
 .text.RCC_AHBPeriphClockCmd
                0x0000000000002f02       0x46 ./Peripheral/src/ch32v30x_rcc.o
                0x0000000000002f02                RCC_AHBPeriphClockCmd
 .text.RCC_APB2PeriphClockCmd
                0x0000000000002f48       0x46 ./Peripheral/src/ch32v30x_rcc.o
                0x0000000000002f48                RCC_APB2PeriphClockCmd
 .text.RCC_APB1PeriphClockCmd
                0x0000000000002f8e       0x46 ./Peripheral/src/ch32v30x_rcc.o
                0x0000000000002f8e                RCC_APB1PeriphClockCmd
 .text.RCC_APB2PeriphResetCmd
                0x0000000000002fd4       0x46 ./Peripheral/src/ch32v30x_rcc.o
                0x0000000000002fd4                RCC_APB2PeriphResetCmd
 .text.RCC_APB1PeriphResetCmd
                0x000000000000301a       0x46 ./Peripheral/src/ch32v30x_rcc.o
                0x000000000000301a                RCC_APB1PeriphResetCmd
 .text.RCC_USBHSConfig
                0x0000000000003060       0x3c ./Peripheral/src/ch32v30x_rcc.o
                0x0000000000003060                RCC_USBHSConfig
 .text.RCC_USBHSPLLCLKConfig
                0x000000000000309c       0x3c ./Peripheral/src/ch32v30x_rcc.o
                0x000000000000309c                RCC_USBHSPLLCLKConfig
 .text.RCC_USBHSPLLCKREFCLKConfig
                0x00000000000030d8       0x3c ./Peripheral/src/ch32v30x_rcc.o
                0x00000000000030d8                RCC_USBHSPLLCKREFCLKConfig
 .text.RCC_USBHSPHYPLLALIVEcmd
                0x0000000000003114       0x40 ./Peripheral/src/ch32v30x_rcc.o
                0x0000000000003114                RCC_USBHSPHYPLLALIVEcmd
 .text.RCC_USBCLK48MConfig
                0x0000000000003154       0x3e ./Peripheral/src/ch32v30x_rcc.o
                0x0000000000003154                RCC_USBCLK48MConfig
 .text.TIM_DeInit
                0x0000000000003192      0x148 ./Peripheral/src/ch32v30x_tim.o
                0x0000000000003192                TIM_DeInit
 .text.TIM_TimeBaseInit
                0x00000000000032da      0x17e ./Peripheral/src/ch32v30x_tim.o
                0x00000000000032da                TIM_TimeBaseInit
 .text.TIM_Cmd  0x0000000000003458       0x58 ./Peripheral/src/ch32v30x_tim.o
                0x0000000000003458                TIM_Cmd
 .text.TIM_ITConfig
                0x00000000000034b0       0x70 ./Peripheral/src/ch32v30x_tim.o
                0x00000000000034b0                TIM_ITConfig
 .text.TIM_ClearFlag
                0x0000000000003520       0x2e ./Peripheral/src/ch32v30x_tim.o
                0x0000000000003520                TIM_ClearFlag
 .text.TIM_GetITStatus
                0x000000000000354e       0x70 ./Peripheral/src/ch32v30x_tim.o
                0x000000000000354e                TIM_GetITStatus
 .text.TIM_ClearITPendingBit
                0x00000000000035be       0x2e ./Peripheral/src/ch32v30x_tim.o
                0x00000000000035be                TIM_ClearITPendingBit
 .text.USART_Init
                0x00000000000035ec      0x1cc ./Peripheral/src/ch32v30x_usart.o
                0x00000000000035ec                USART_Init
 .text.USART_Cmd
                0x00000000000037b8       0x60 ./Peripheral/src/ch32v30x_usart.o
                0x00000000000037b8                USART_Cmd
 .text.USART_DMACmd
                0x0000000000003818       0x70 ./Peripheral/src/ch32v30x_usart.o
                0x0000000000003818                USART_DMACmd
 .text.USART_SendData
                0x0000000000003888       0x2e ./Peripheral/src/ch32v30x_usart.o
                0x0000000000003888                USART_SendData
 .text.USART_GetFlagStatus
                0x00000000000038b6       0x46 ./Peripheral/src/ch32v30x_usart.o
                0x00000000000038b6                USART_GetFlagStatus
 .text.USART_ClearFlag
                0x00000000000038fc       0x2e ./Peripheral/src/ch32v30x_usart.o
                0x00000000000038fc                USART_ClearFlag
 .text.Delay_Init
                0x000000000000392a       0x46 ./Debug/debug.o
                0x000000000000392a                Delay_Init
 .text.Delay_Us
                0x0000000000003970       0x84 ./Debug/debug.o
                0x0000000000003970                Delay_Us
 .text.Delay_Ms
                0x00000000000039f4       0x84 ./Debug/debug.o
                0x00000000000039f4                Delay_Ms
 .text.USART_Printf_Init
                0x0000000000003a78       0x8c ./Debug/debug.o
                0x0000000000003a78                USART_Printf_Init
 .text._write   0x0000000000003b04       0x7a ./Debug/debug.o
                0x0000000000003b04                _write
 .text._sbrk    0x0000000000003b7e       0x5e ./Debug/debug.o
                0x0000000000003b7e                _sbrk
 .text.memcpy   0x0000000000003bdc       0xb6 c:/mounriver/mrs_community/toolchain/risc-v embedded gcc/bin/../lib/gcc/riscv-none-embed/8.2.0/../../../../riscv-none-embed/lib/rv32imac/ilp32\libg_nano.a(lib_a-memcpy.o)
                0x0000000000003bdc                memcpy
 .text.printf   0x0000000000003c92       0x40 c:/mounriver/mrs_community/toolchain/risc-v embedded gcc/bin/../lib/gcc/riscv-none-embed/8.2.0/../../../../riscv-none-embed/lib/rv32imac/ilp32\libg_nano.a(lib_a-printf.o)
                0x0000000000003c92                iprintf
                0x0000000000003c92                printf
 .text._puts_r  0x0000000000003cd2       0xda c:/mounriver/mrs_community/toolchain/risc-v embedded gcc/bin/../lib/gcc/riscv-none-embed/8.2.0/../../../../riscv-none-embed/lib/rv32imac/ilp32\libg_nano.a(lib_a-puts.o)
                0x0000000000003cd2                _puts_r
 .text.puts     0x0000000000003dac        0xa c:/mounriver/mrs_community/toolchain/risc-v embedded gcc/bin/../lib/gcc/riscv-none-embed/8.2.0/../../../../riscv-none-embed/lib/rv32imac/ilp32\libg_nano.a(lib_a-puts.o)
                0x0000000000003dac                puts
 .text.__swbuf_r
                0x0000000000003db6       0xc0 c:/mounriver/mrs_community/toolchain/risc-v embedded gcc/bin/../lib/gcc/riscv-none-embed/8.2.0/../../../../riscv-none-embed/lib/rv32imac/ilp32\libg_nano.a(lib_a-wbuf.o)
                0x0000000000003db6                __swbuf_r
 .text.__swsetup_r
                0x0000000000003e76      0x10c c:/mounriver/mrs_community/toolchain/risc-v embedded gcc/bin/../lib/gcc/riscv-none-embed/8.2.0/../../../../riscv-none-embed/lib/rv32imac/ilp32\libg_nano.a(lib_a-wsetup.o)
                0x0000000000003e76                __swsetup_r
 .text.__sflush_r
                0x0000000000003f82      0x13c c:/mounriver/mrs_community/toolchain/risc-v embedded gcc/bin/../lib/gcc/riscv-none-embed/8.2.0/../../../../riscv-none-embed/lib/rv32imac/ilp32\libg_nano.a(lib_a-fflush.o)
                0x0000000000003f82                __sflush_r
 .text._fflush_r
                0x00000000000040be       0x64 c:/mounriver/mrs_community/toolchain/risc-v embedded gcc/bin/../lib/gcc/riscv-none-embed/8.2.0/../../../../riscv-none-embed/lib/rv32imac/ilp32\libg_nano.a(lib_a-fflush.o)
                0x00000000000040be                _fflush_r
 .text.std      0x0000000000004122       0x6a c:/mounriver/mrs_community/toolchain/risc-v embedded gcc/bin/../lib/gcc/riscv-none-embed/8.2.0/../../../../riscv-none-embed/lib/rv32imac/ilp32\libg_nano.a(lib_a-findfp.o)
 .text._cleanup_r
                0x000000000000418c        0xa c:/mounriver/mrs_community/toolchain/risc-v embedded gcc/bin/../lib/gcc/riscv-none-embed/8.2.0/../../../../riscv-none-embed/lib/rv32imac/ilp32\libg_nano.a(lib_a-findfp.o)
                0x000000000000418c                _cleanup_r
 .text.__sfmoreglue
                0x0000000000004196       0x46 c:/mounriver/mrs_community/toolchain/risc-v embedded gcc/bin/../lib/gcc/riscv-none-embed/8.2.0/../../../../riscv-none-embed/lib/rv32imac/ilp32\libg_nano.a(lib_a-findfp.o)
                0x0000000000004196                __sfmoreglue
 .text.__sinit  0x00000000000041dc       0x66 c:/mounriver/mrs_community/toolchain/risc-v embedded gcc/bin/../lib/gcc/riscv-none-embed/8.2.0/../../../../riscv-none-embed/lib/rv32imac/ilp32\libg_nano.a(lib_a-findfp.o)
                0x00000000000041dc                __sinit
 .text.__sfp    0x0000000000004242       0x9c c:/mounriver/mrs_community/toolchain/risc-v embedded gcc/bin/../lib/gcc/riscv-none-embed/8.2.0/../../../../riscv-none-embed/lib/rv32imac/ilp32\libg_nano.a(lib_a-findfp.o)
                0x0000000000004242                __sfp
 .text._fwalk_reent
                0x00000000000042de       0x6c c:/mounriver/mrs_community/toolchain/risc-v embedded gcc/bin/../lib/gcc/riscv-none-embed/8.2.0/../../../../riscv-none-embed/lib/rv32imac/ilp32\libg_nano.a(lib_a-fwalk.o)
                0x00000000000042de                _fwalk_reent
 .text.__swhatbuf_r
                0x000000000000434a       0x5a c:/mounriver/mrs_community/toolchain/risc-v embedded gcc/bin/../lib/gcc/riscv-none-embed/8.2.0/../../../../riscv-none-embed/lib/rv32imac/ilp32\libg_nano.a(lib_a-makebuf.o)
                0x000000000000434a                __swhatbuf_r
 .text.__smakebuf_r
                0x00000000000043a4       0x9e c:/mounriver/mrs_community/toolchain/risc-v embedded gcc/bin/../lib/gcc/riscv-none-embed/8.2.0/../../../../riscv-none-embed/lib/rv32imac/ilp32\libg_nano.a(lib_a-makebuf.o)
                0x00000000000043a4                __smakebuf_r
 .text._free_r  0x0000000000004442       0xa8 c:/mounriver/mrs_community/toolchain/risc-v embedded gcc/bin/../lib/gcc/riscv-none-embed/8.2.0/../../../../riscv-none-embed/lib/rv32imac/ilp32\libg_nano.a(lib_a-nano-freer.o)
                0x0000000000004442                _free_r
 .text._malloc_r
                0x00000000000044ea       0xd4 c:/mounriver/mrs_community/toolchain/risc-v embedded gcc/bin/../lib/gcc/riscv-none-embed/8.2.0/../../../../riscv-none-embed/lib/rv32imac/ilp32\libg_nano.a(lib_a-nano-mallocr.o)
                0x00000000000044ea                _malloc_r
 .text.__sfputc_r
                0x00000000000045be       0x2a c:/mounriver/mrs_community/toolchain/risc-v embedded gcc/bin/../lib/gcc/riscv-none-embed/8.2.0/../../../../riscv-none-embed/lib/rv32imac/ilp32\libg_nano.a(lib_a-nano-vfprintf.o)
 .text.__sfputs_r
                0x00000000000045e8       0x42 c:/mounriver/mrs_community/toolchain/risc-v embedded gcc/bin/../lib/gcc/riscv-none-embed/8.2.0/../../../../riscv-none-embed/lib/rv32imac/ilp32\libg_nano.a(lib_a-nano-vfprintf.o)
                0x00000000000045e8                __sfputs_r
 .text._vfprintf_r
                0x000000000000462a      0x29a c:/mounriver/mrs_community/toolchain/risc-v embedded gcc/bin/../lib/gcc/riscv-none-embed/8.2.0/../../../../riscv-none-embed/lib/rv32imac/ilp32\libg_nano.a(lib_a-nano-vfprintf.o)
                0x000000000000462a                _vfprintf_r
                0x000000000000462a                _vfiprintf_r
 .text._printf_common
                0x00000000000048c4      0x10c c:/mounriver/mrs_community/toolchain/risc-v embedded gcc/bin/../lib/gcc/riscv-none-embed/8.2.0/../../../../riscv-none-embed/lib/rv32imac/ilp32\libg_nano.a(lib_a-nano-vfprintf_i.o)
                0x00000000000048c4                _printf_common
 .text._printf_i
                0x00000000000049d0      0x2aa c:/mounriver/mrs_community/toolchain/risc-v embedded gcc/bin/../lib/gcc/riscv-none-embed/8.2.0/../../../../riscv-none-embed/lib/rv32imac/ilp32\libg_nano.a(lib_a-nano-vfprintf_i.o)
                0x00000000000049d0                _printf_i
 .text._sbrk_r  0x0000000000004c7a       0x32 c:/mounriver/mrs_community/toolchain/risc-v embedded gcc/bin/../lib/gcc/riscv-none-embed/8.2.0/../../../../riscv-none-embed/lib/rv32imac/ilp32\libg_nano.a(lib_a-sbrkr.o)
                0x0000000000004c7a                _sbrk_r
 .text.__sread  0x0000000000004cac       0x30 c:/mounriver/mrs_community/toolchain/risc-v embedded gcc/bin/../lib/gcc/riscv-none-embed/8.2.0/../../../../riscv-none-embed/lib/rv32imac/ilp32\libg_nano.a(lib_a-stdio.o)
                0x0000000000004cac                __sread
 .text.__swrite
                0x0000000000004cdc       0x4e c:/mounriver/mrs_community/toolchain/risc-v embedded gcc/bin/../lib/gcc/riscv-none-embed/8.2.0/../../../../riscv-none-embed/lib/rv32imac/ilp32\libg_nano.a(lib_a-stdio.o)
                0x0000000000004cdc                __swrite
 .text.__sseek  0x0000000000004d2a       0x36 c:/mounriver/mrs_community/toolchain/risc-v embedded gcc/bin/../lib/gcc/riscv-none-embed/8.2.0/../../../../riscv-none-embed/lib/rv32imac/ilp32\libg_nano.a(lib_a-stdio.o)
                0x0000000000004d2a                __sseek
 .text.__sclose
                0x0000000000004d60        0x6 c:/mounriver/mrs_community/toolchain/risc-v embedded gcc/bin/../lib/gcc/riscv-none-embed/8.2.0/../../../../riscv-none-embed/lib/rv32imac/ilp32\libg_nano.a(lib_a-stdio.o)
                0x0000000000004d60                __sclose
 .text._write_r
                0x0000000000004d66       0x36 c:/mounriver/mrs_community/toolchain/risc-v embedded gcc/bin/../lib/gcc/riscv-none-embed/8.2.0/../../../../riscv-none-embed/lib/rv32imac/ilp32\libg_nano.a(lib_a-writer.o)
                0x0000000000004d66                _write_r
 .text._close_r
                0x0000000000004d9c       0x30 c:/mounriver/mrs_community/toolchain/risc-v embedded gcc/bin/../lib/gcc/riscv-none-embed/8.2.0/../../../../riscv-none-embed/lib/rv32imac/ilp32\libg_nano.a(lib_a-closer.o)
                0x0000000000004d9c                _close_r
 .text._fstat_r
                0x0000000000004dcc       0x32 c:/mounriver/mrs_community/toolchain/risc-v embedded gcc/bin/../lib/gcc/riscv-none-embed/8.2.0/../../../../riscv-none-embed/lib/rv32imac/ilp32\libg_nano.a(lib_a-fstatr.o)
                0x0000000000004dcc                _fstat_r
 .text._isatty_r
                0x0000000000004dfe       0x30 c:/mounriver/mrs_community/toolchain/risc-v embedded gcc/bin/../lib/gcc/riscv-none-embed/8.2.0/../../../../riscv-none-embed/lib/rv32imac/ilp32\libg_nano.a(lib_a-isattyr.o)
                0x0000000000004dfe                _isatty_r
 .text._lseek_r
                0x0000000000004e2e       0x34 c:/mounriver/mrs_community/toolchain/risc-v embedded gcc/bin/../lib/gcc/riscv-none-embed/8.2.0/../../../../riscv-none-embed/lib/rv32imac/ilp32\libg_nano.a(lib_a-lseekr.o)
                0x0000000000004e2e                _lseek_r
 .text.memchr   0x0000000000004e62       0x1a c:/mounriver/mrs_community/toolchain/risc-v embedded gcc/bin/../lib/gcc/riscv-none-embed/8.2.0/../../../../riscv-none-embed/lib/rv32imac/ilp32\libg_nano.a(lib_a-memchr.o)
                0x0000000000004e62                memchr
 .text.__malloc_lock
                0x0000000000004e7c        0x2 c:/mounriver/mrs_community/toolchain/risc-v embedded gcc/bin/../lib/gcc/riscv-none-embed/8.2.0/../../../../riscv-none-embed/lib/rv32imac/ilp32\libg_nano.a(lib_a-mlock.o)
                0x0000000000004e7c                __malloc_lock
 .text.__malloc_unlock
                0x0000000000004e7e        0x2 c:/mounriver/mrs_community/toolchain/risc-v embedded gcc/bin/../lib/gcc/riscv-none-embed/8.2.0/../../../../riscv-none-embed/lib/rv32imac/ilp32\libg_nano.a(lib_a-mlock.o)
                0x0000000000004e7e                __malloc_unlock
 .text._read_r  0x0000000000004e80       0x34 c:/mounriver/mrs_community/toolchain/risc-v embedded gcc/bin/../lib/gcc/riscv-none-embed/8.2.0/../../../../riscv-none-embed/lib/rv32imac/ilp32\libg_nano.a(lib_a-readr.o)
                0x0000000000004e80                _read_r
 .text._close   0x0000000000004eb4       0x10 c:/mounriver/mrs_community/toolchain/risc-v embedded gcc/bin/../lib/gcc/riscv-none-embed/8.2.0/../../../../riscv-none-embed/lib/rv32imac/ilp32\libnosys.a(close.o)
                0x0000000000004eb4                _close
 .text._fstat   0x0000000000004ec4       0x10 c:/mounriver/mrs_community/toolchain/risc-v embedded gcc/bin/../lib/gcc/riscv-none-embed/8.2.0/../../../../riscv-none-embed/lib/rv32imac/ilp32\libnosys.a(fstat.o)
                0x0000000000004ec4                _fstat
 .text._isatty  0x0000000000004ed4       0x10 c:/mounriver/mrs_community/toolchain/risc-v embedded gcc/bin/../lib/gcc/riscv-none-embed/8.2.0/../../../../riscv-none-embed/lib/rv32imac/ilp32\libnosys.a(isatty.o)
                0x0000000000004ed4                _isatty
 .text._lseek   0x0000000000004ee4       0x10 c:/mounriver/mrs_community/toolchain/risc-v embedded gcc/bin/../lib/gcc/riscv-none-embed/8.2.0/../../../../riscv-none-embed/lib/rv32imac/ilp32\libnosys.a(lseek.o)
                0x0000000000004ee4                _lseek
 .text._read    0x0000000000004ef4       0x10 c:/mounriver/mrs_community/toolchain/risc-v embedded gcc/bin/../lib/gcc/riscv-none-embed/8.2.0/../../../../riscv-none-embed/lib/rv32imac/ilp32\libnosys.a(read.o)
                0x0000000000004ef4                _read
 *(.rodata)
 .rodata        0x0000000000004f04      0x100 ./User/main.o
 *(.rodata*)
 .rodata.USBHS_IRQHandler
                0x0000000000005004       0x70 ./User/USB_Device/ch32v30x_usbhs_device.o
 .rodata.MyDevDescr
                0x0000000000005074       0x12 ./User/USB_Device/usb_desc.o
                0x0000000000005074                MyDevDescr
 *fill*         0x0000000000005086        0x2 
 .rodata.MyCfgDescr_FS
                0x0000000000005088       0x43 ./User/USB_Device/usb_desc.o
                0x0000000000005088                MyCfgDescr_FS
 *fill*         0x00000000000050cb        0x1 
 .rodata.MyCfgDescr_HS
                0x00000000000050cc       0x43 ./User/USB_Device/usb_desc.o
                0x00000000000050cc                MyCfgDescr_HS
 *fill*         0x000000000000510f        0x1 
 .rodata.MyManuInfo
                0x0000000000005110        0xe ./User/USB_Device/usb_desc.o
                0x0000000000005110                MyManuInfo
 *fill*         0x000000000000511e        0x2 
 .rodata.MyProdInfo
                0x0000000000005120       0x16 ./User/USB_Device/usb_desc.o
                0x0000000000005120                MyProdInfo
 *fill*         0x0000000000005136        0x2 
 .rodata.MySerNumInfo
                0x0000000000005138       0x16 ./User/USB_Device/usb_desc.o
                0x0000000000005138                MySerNumInfo
 *fill*         0x000000000000514e        0x2 
 .rodata.MyQuaDesc
                0x0000000000005150        0xa ./User/USB_Device/usb_desc.o
                0x0000000000005150                MyQuaDesc
 *fill*         0x000000000000515a        0x2 
 .rodata.hello_msg
                0x000000000000515c        0xd ./User/main.o
                0x000000000000515c                hello_msg
 *fill*         0x0000000000005169        0x3 
 .rodata.__sf_fake_stderr
                0x000000000000516c       0x20 c:/mounriver/mrs_community/toolchain/risc-v embedded gcc/bin/../lib/gcc/riscv-none-embed/8.2.0/../../../../riscv-none-embed/lib/rv32imac/ilp32\libg_nano.a(lib_a-findfp.o)
                0x000000000000516c                __sf_fake_stderr
 .rodata.__sf_fake_stdin
                0x000000000000518c       0x20 c:/mounriver/mrs_community/toolchain/risc-v embedded gcc/bin/../lib/gcc/riscv-none-embed/8.2.0/../../../../riscv-none-embed/lib/rv32imac/ilp32\libg_nano.a(lib_a-findfp.o)
                0x000000000000518c                __sf_fake_stdin
 .rodata.__sf_fake_stdout
                0x00000000000051ac       0x20 c:/mounriver/mrs_community/toolchain/risc-v embedded gcc/bin/../lib/gcc/riscv-none-embed/8.2.0/../../../../riscv-none-embed/lib/rv32imac/ilp32\libg_nano.a(lib_a-findfp.o)
                0x00000000000051ac                __sf_fake_stdout
 .rodata._vfprintf_r.str1.4
                0x00000000000051cc       0x13 c:/mounriver/mrs_community/toolchain/risc-v embedded gcc/bin/../lib/gcc/riscv-none-embed/8.2.0/../../../../riscv-none-embed/lib/rv32imac/ilp32\libg_nano.a(lib_a-nano-vfprintf.o)
 *fill*         0x00000000000051df        0x1 
 .rodata._printf_i.str1.4
                0x00000000000051e0       0x28 c:/mounriver/mrs_community/toolchain/risc-v embedded gcc/bin/../lib/gcc/riscv-none-embed/8.2.0/../../../../riscv-none-embed/lib/rv32imac/ilp32\libg_nano.a(lib_a-nano-vfprintf_i.o)
                                         0x25 (size before relaxing)
 *(.gnu.linkonce.t.*)
                0x0000000000005208                . = ALIGN (0x4)

.rela.dyn       0x0000000000005208        0x0
 .rela.init     0x0000000000005208        0x0 ./User/USB_Device/ch32v30x_usbhs_device.o
 .rela.vector   0x0000000000005208        0x0 ./User/USB_Device/ch32v30x_usbhs_device.o
 .rela.text.handle_reset
                0x0000000000005208        0x0 ./User/USB_Device/ch32v30x_usbhs_device.o
 .rela.sdata.curbrk.5380
                0x0000000000005208        0x0 ./User/USB_Device/ch32v30x_usbhs_device.o
 .rela.text._sbrk
                0x0000000000005208        0x0 ./User/USB_Device/ch32v30x_usbhs_device.o
 .rela.text._vfprintf_r
                0x0000000000005208        0x0 ./User/USB_Device/ch32v30x_usbhs_device.o
 .rela.text._sbrk_r
                0x0000000000005208        0x0 ./User/USB_Device/ch32v30x_usbhs_device.o
 .rela.text._write_r
                0x0000000000005208        0x0 ./User/USB_Device/ch32v30x_usbhs_device.o
 .rela.text._close_r
                0x0000000000005208        0x0 ./User/USB_Device/ch32v30x_usbhs_device.o
 .rela.text._fstat_r
                0x0000000000005208        0x0 ./User/USB_Device/ch32v30x_usbhs_device.o
 .rela.text._isatty_r
                0x0000000000005208        0x0 ./User/USB_Device/ch32v30x_usbhs_device.o
 .rela.text._lseek_r
                0x0000000000005208        0x0 ./User/USB_Device/ch32v30x_usbhs_device.o
 .rela.text._read_r
                0x0000000000005208        0x0 ./User/USB_Device/ch32v30x_usbhs_device.o
 .rela.text._close
                0x0000000000005208        0x0 ./User/USB_Device/ch32v30x_usbhs_device.o
 .rela.text._fstat
                0x0000000000005208        0x0 ./User/USB_Device/ch32v30x_usbhs_device.o
 .rela.text._isatty
                0x0000000000005208        0x0 ./User/USB_Device/ch32v30x_usbhs_device.o
 .rela.text._lseek
                0x0000000000005208        0x0 ./User/USB_Device/ch32v30x_usbhs_device.o
 .rela.text._read
                0x0000000000005208        0x0 ./User/USB_Device/ch32v30x_usbhs_device.o

.fini           0x0000000000005208        0x0
 *(SORT_NONE(.fini))
                0x0000000000005208                . = ALIGN (0x4)
                [!provide]                        PROVIDE (_etext = .)
                [!provide]                        PROVIDE (_eitcm = .)

.preinit_array  0x0000000000005208        0x0
                [!provide]                        PROVIDE (__preinit_array_start = .)
 *(.preinit_array)
                [!provide]                        PROVIDE (__preinit_array_end = .)

.init_array     0x0000000000005208        0x0
                [!provide]                        PROVIDE (__init_array_start = .)
 *(SORT_BY_INIT_PRIORITY(.init_array.*) SORT_BY_INIT_PRIORITY(.ctors.*))
 *(.init_array EXCLUDE_FILE(*crtend?.o *crtend.o *crtbegin?.o *crtbegin.o) .ctors)
                [!provide]                        PROVIDE (__init_array_end = .)

.fini_array     0x0000000000005208        0x0
                [!provide]                        PROVIDE (__fini_array_start = .)
 *(SORT_BY_INIT_PRIORITY(.fini_array.*) SORT_BY_INIT_PRIORITY(.dtors.*))
 *(.fini_array EXCLUDE_FILE(*crtend?.o *crtend.o *crtbegin?.o *crtbegin.o) .dtors)
                [!provide]                        PROVIDE (__fini_array_end = .)

.ctors
 *crtbegin.o(.ctors)
 *crtbegin?.o(.ctors)
 *(EXCLUDE_FILE(*crtend?.o *crtend.o) .ctors)
 *(SORT_BY_NAME(.ctors.*))
 *(.ctors)

.dtors
 *crtbegin.o(.dtors)
 *crtbegin?.o(.dtors)
 *(EXCLUDE_FILE(*crtend?.o *crtend.o) .dtors)
 *(SORT_BY_NAME(.dtors.*))
 *(.dtors)

.dalign         0x0000000020000000        0x0 load address 0x0000000000005208
                0x0000000020000000                . = ALIGN (0x4)
                0x0000000020000000                PROVIDE (_data_vma = .)

.dlalign        0x0000000000005208        0x0
                0x0000000000005208                . = ALIGN (0x4)
                0x0000000000005208                PROVIDE (_data_lma = .)

.data           0x0000000020000000      0x158 load address 0x0000000000005208
 *(.gnu.linkonce.r.*)
 *(.data .data.*)
 .data.IFTest_Buf
                0x0000000020000000       0x35 ./User/USB_Device/ch32v30x_usbhs_device.o
                0x0000000020000000                IFTest_Buf
 *fill*         0x0000000020000035        0x3 
 .data.TAB_USB_FS_OSC_DESC
                0x0000000020000038       0x43 ./User/USB_Device/usb_desc.o
                0x0000000020000038                TAB_USB_FS_OSC_DESC
 *fill*         0x000000002000007b        0x1 
 .data.TAB_USB_HS_OSC_DESC
                0x000000002000007c       0x43 ./User/USB_Device/usb_desc.o
                0x000000002000007c                TAB_USB_HS_OSC_DESC
 *fill*         0x00000000200000bf        0x1 
 .data.AHBPrescTable
                0x00000000200000c0       0x10 ./User/system_ch32v30x.o
                0x00000000200000c0                AHBPrescTable
 .data.APBAHBPrescTable
                0x00000000200000d0       0x10 ./Peripheral/src/ch32v30x_rcc.o
 .data.impure_data
                0x00000000200000e0       0x60 c:/mounriver/mrs_community/toolchain/risc-v embedded gcc/bin/../lib/gcc/riscv-none-embed/8.2.0/../../../../riscv-none-embed/lib/rv32imac/ilp32\libg_nano.a(lib_a-impure.o)
 *(.gnu.linkonce.d.*)
                0x0000000020000140                . = ALIGN (0x8)
                0x0000000020000940                PROVIDE (__global_pointer$ = (. + 0x800))
 *(.sdata .sdata.*)
 .sdata.SystemCoreClock
                0x0000000020000140        0x4 ./User/system_ch32v30x.o
                0x0000000020000140                SystemCoreClock
 .sdata.ADCPrescTable
                0x0000000020000144        0x4 ./Peripheral/src/ch32v30x_rcc.o
 .sdata.curbrk.5380
                0x0000000020000148        0x4 ./Debug/debug.o
 .sdata._impure_ptr
                0x000000002000014c        0x4 c:/mounriver/mrs_community/toolchain/risc-v embedded gcc/bin/../lib/gcc/riscv-none-embed/8.2.0/../../../../riscv-none-embed/lib/rv32imac/ilp32\libg_nano.a(lib_a-impure.o)
                0x000000002000014c                _impure_ptr
 *(.sdata2.*)
 .sdata2.MyLangDescr
                0x0000000020000150        0x4 ./User/USB_Device/usb_desc.o
                0x0000000020000150                MyLangDescr
 .sdata2._global_impure_ptr
                0x0000000020000154        0x4 c:/mounriver/mrs_community/toolchain/risc-v embedded gcc/bin/../lib/gcc/riscv-none-embed/8.2.0/../../../../riscv-none-embed/lib/rv32imac/ilp32\libg_nano.a(lib_a-impure.o)
                0x0000000020000154                _global_impure_ptr
 *(.gnu.linkonce.s.*)
                0x0000000020000158                . = ALIGN (0x8)
 *(.srodata.cst16)
 *(.srodata.cst8)
 *(.srodata.cst4)
 *(.srodata.cst2)
 *(.srodata .srodata.*)
                0x0000000020000158                . = ALIGN (0x4)
                0x0000000020000158                PROVIDE (_edata = .)

.bss            0x0000000020000158     0x10b0 load address 0x0000000000005360
                0x0000000020000158                . = ALIGN (0x4)
                0x0000000020000158                PROVIDE (_sbss = .)
 *(.sbss*)
 .sbss.USBHS_Test_Flag
                0x0000000020000158        0x1 ./User/USB_Device/ch32v30x_usbhs_device.o
                0x0000000020000158                USBHS_Test_Flag
 *fill*         0x0000000020000159        0x3 
 .sbss.pUSBHS_Descr
                0x000000002000015c        0x4 ./User/USB_Device/ch32v30x_usbhs_device.o
                0x000000002000015c                pUSBHS_Descr
 .sbss.USBHS_SetupReqCode
                0x0000000020000160        0x1 ./User/USB_Device/ch32v30x_usbhs_device.o
                0x0000000020000160                USBHS_SetupReqCode
 .sbss.USBHS_SetupReqType
                0x0000000020000161        0x1 ./User/USB_Device/ch32v30x_usbhs_device.o
                0x0000000020000161                USBHS_SetupReqType
 .sbss.USBHS_SetupReqValue
                0x0000000020000162        0x2 ./User/USB_Device/ch32v30x_usbhs_device.o
                0x0000000020000162                USBHS_SetupReqValue
 .sbss.USBHS_SetupReqIndex
                0x0000000020000164        0x2 ./User/USB_Device/ch32v30x_usbhs_device.o
                0x0000000020000164                USBHS_SetupReqIndex
 .sbss.USBHS_SetupReqLen
                0x0000000020000166        0x2 ./User/USB_Device/ch32v30x_usbhs_device.o
                0x0000000020000166                USBHS_SetupReqLen
 .sbss.USBHS_DevConfig
                0x0000000020000168        0x1 ./User/USB_Device/ch32v30x_usbhs_device.o
                0x0000000020000168                USBHS_DevConfig
 .sbss.USBHS_DevAddr
                0x0000000020000169        0x1 ./User/USB_Device/ch32v30x_usbhs_device.o
                0x0000000020000169                USBHS_DevAddr
 .sbss.USBHS_DevMaxPackLen
                0x000000002000016a        0x2 ./User/USB_Device/ch32v30x_usbhs_device.o
                0x000000002000016a                USBHS_DevMaxPackLen
 .sbss.USBHS_DevSpeed
                0x000000002000016c        0x1 ./User/USB_Device/ch32v30x_usbhs_device.o
                0x000000002000016c                USBHS_DevSpeed
 .sbss.USBHS_DevSleepStatus
                0x000000002000016d        0x1 ./User/USB_Device/ch32v30x_usbhs_device.o
                0x000000002000016d                USBHS_DevSleepStatus
 .sbss.USBHS_DevEnumStatus
                0x000000002000016e        0x1 ./User/USB_Device/ch32v30x_usbhs_device.o
                0x000000002000016e                USBHS_DevEnumStatus
 *fill*         0x000000002000016f        0x1 
 .sbss.UARTx_Rx_DMACurCount
                0x0000000020000170        0x4 ./User/UART/UART.o
                0x0000000020000170                UARTx_Rx_DMACurCount
 .sbss.UARTx_Rx_DMALastCount
                0x0000000020000174        0x4 ./User/UART/UART.o
                0x0000000020000174                UARTx_Rx_DMALastCount
 .sbss.tick_count
                0x0000000020000178        0x4 ./User/main.o
                0x0000000020000178                tick_count
 .sbss.p_us     0x000000002000017c        0x1 ./Debug/debug.o
 *fill*         0x000000002000017d        0x1 
 .sbss.p_ms     0x000000002000017e        0x2 ./Debug/debug.o
 .sbss.__malloc_free_list
                0x0000000020000180        0x4 c:/mounriver/mrs_community/toolchain/risc-v embedded gcc/bin/../lib/gcc/riscv-none-embed/8.2.0/../../../../riscv-none-embed/lib/rv32imac/ilp32\libg_nano.a(lib_a-nano-mallocr.o)
                0x0000000020000180                __malloc_free_list
 .sbss.__malloc_sbrk_start
                0x0000000020000184        0x4 c:/mounriver/mrs_community/toolchain/risc-v embedded gcc/bin/../lib/gcc/riscv-none-embed/8.2.0/../../../../riscv-none-embed/lib/rv32imac/ilp32\libg_nano.a(lib_a-nano-mallocr.o)
                0x0000000020000184                __malloc_sbrk_start
 *(.gnu.linkonce.sb.*)
 *(.bss*)
 .bss.USBHS_EP0_Buf
                0x0000000020000188       0x40 ./User/USB_Device/ch32v30x_usbhs_device.o
                0x0000000020000188                USBHS_EP0_Buf
 .bss.USBHS_EP2_Tx_Buf
                0x00000000200001c8      0x200 ./User/USB_Device/ch32v30x_usbhs_device.o
                0x00000000200001c8                USBHS_EP2_Tx_Buf
 .bss.USBHS_EP3_Tx_Buf
                0x00000000200003c8      0x200 ./User/USB_Device/ch32v30x_usbhs_device.o
                0x00000000200003c8                USBHS_EP3_Tx_Buf
 .bss.USBHS_Endp_Busy
                0x00000000200005c8       0x10 ./User/USB_Device/ch32v30x_usbhs_device.o
                0x00000000200005c8                USBHS_Endp_Busy
 .bss.Uart      0x00000000200005d8       0x2a ./User/UART/UART.o
                0x00000000200005d8                Uart
 *fill*         0x0000000020000602        0x2 
 .bss.UART2_Tx_Buf
                0x0000000020000604      0x400 ./User/UART/UART.o
                0x0000000020000604                UART2_Tx_Buf
 .bss.UART2_Rx_Buf
                0x0000000020000a04      0x800 ./User/UART/UART.o
                0x0000000020000a04                UART2_Rx_Buf
 *(.gnu.linkonce.b.*)
 *(COMMON*)
 COMMON         0x0000000020001204        0x4 c:/mounriver/mrs_community/toolchain/risc-v embedded gcc/bin/../lib/gcc/riscv-none-embed/8.2.0/../../../../riscv-none-embed/lib/rv32imac/ilp32\libg_nano.a(lib_a-reent.o)
                0x0000000020001204                errno
                0x0000000020001208                . = ALIGN (0x4)
                0x0000000020001208                PROVIDE (_ebss = .)
                0x0000000020001208                PROVIDE (_end = _ebss)
                [!provide]                        PROVIDE (end = .)

.stack          0x0000000020007800      0x800
                0x0000000020007800                PROVIDE (_heap_end = .)
                0x0000000020007800                . = ALIGN (0x4)
                [!provide]                        PROVIDE (_susrstack = .)
                0x0000000020008000                . = (. + __stack_size)
 *fill*         0x0000000020007800      0x800 
                0x0000000020008000                PROVIDE (_eusrstack = .)
OUTPUT(SimulateCDC.elf elf32-littleriscv)

.debug_info     0x0000000000000000    0x10187
 .debug_info    0x0000000000000000     0x2007 ./User/USB_Device/ch32v30x_usbhs_device.o
 .debug_info    0x0000000000002007      0xa8c ./User/USB_Device/usb_desc.o
 .debug_info    0x0000000000002a93     0x22e7 ./User/UART/UART.o
 .debug_info    0x0000000000004d7a      0xf7e ./User/ch32v30x_it.o
 .debug_info    0x0000000000005cf8     0x148a ./User/main.o
 .debug_info    0x0000000000007182      0xb83 ./User/system_ch32v30x.o
 .debug_info    0x0000000000007d05       0x22 ./Startup/startup_ch32v30x_D8C.o
 .debug_info    0x0000000000007d27      0xa3b ./Peripheral/src/ch32v30x_dbgmcu.o
 .debug_info    0x0000000000008762      0xd3b ./Peripheral/src/ch32v30x_dma.o
 .debug_info    0x000000000000949d     0x1004 ./Peripheral/src/ch32v30x_gpio.o
 .debug_info    0x000000000000a4a1     0x154a ./Peripheral/src/ch32v30x_rcc.o
 .debug_info    0x000000000000b9eb     0x26a8 ./Peripheral/src/ch32v30x_tim.o
 .debug_info    0x000000000000e093     0x12a8 ./Peripheral/src/ch32v30x_usart.o
 .debug_info    0x000000000000f33b      0xe4c ./Debug/debug.o

.debug_abbrev   0x0000000000000000     0x2467
 .debug_abbrev  0x0000000000000000      0x3f6 ./User/USB_Device/ch32v30x_usbhs_device.o
 .debug_abbrev  0x00000000000003f6      0x1c5 ./User/USB_Device/usb_desc.o
 .debug_abbrev  0x00000000000005bb      0x3a5 ./User/UART/UART.o
 .debug_abbrev  0x0000000000000960      0x24a ./User/ch32v30x_it.o
 .debug_abbrev  0x0000000000000baa      0x281 ./User/main.o
 .debug_abbrev  0x0000000000000e2b      0x29e ./User/system_ch32v30x.o
 .debug_abbrev  0x00000000000010c9       0x12 ./Startup/startup_ch32v30x_D8C.o
 .debug_abbrev  0x00000000000010db      0x276 ./Peripheral/src/ch32v30x_dbgmcu.o
 .debug_abbrev  0x0000000000001351      0x295 ./Peripheral/src/ch32v30x_dma.o
 .debug_abbrev  0x00000000000015e6      0x2f5 ./Peripheral/src/ch32v30x_gpio.o
 .debug_abbrev  0x00000000000018db      0x2fa ./Peripheral/src/ch32v30x_rcc.o
 .debug_abbrev  0x0000000000001bd5      0x2ed ./Peripheral/src/ch32v30x_tim.o
 .debug_abbrev  0x0000000000001ec2      0x2c2 ./Peripheral/src/ch32v30x_usart.o
 .debug_abbrev  0x0000000000002184      0x2e3 ./Debug/debug.o

.debug_aranges  0x0000000000000000      0x8d0
 .debug_aranges
                0x0000000000000000       0x50 ./User/USB_Device/ch32v30x_usbhs_device.o
 .debug_aranges
                0x0000000000000050       0x18 ./User/USB_Device/usb_desc.o
 .debug_aranges
                0x0000000000000068       0x60 ./User/UART/UART.o
 .debug_aranges
                0x00000000000000c8       0x30 ./User/ch32v30x_it.o
 .debug_aranges
                0x00000000000000f8       0x30 ./User/main.o
 .debug_aranges
                0x0000000000000128       0x38 ./User/system_ch32v30x.o
 .debug_aranges
                0x0000000000000160       0x30 ./Startup/startup_ch32v30x_D8C.o
 .debug_aranges
                0x0000000000000190       0x48 ./Peripheral/src/ch32v30x_dbgmcu.o
 .debug_aranges
                0x00000000000001d8       0x70 ./Peripheral/src/ch32v30x_dma.o
 .debug_aranges
                0x0000000000000248       0xb0 ./Peripheral/src/ch32v30x_gpio.o
 .debug_aranges
                0x00000000000002f8      0x1a8 ./Peripheral/src/ch32v30x_rcc.o
 .debug_aranges
                0x00000000000004a0      0x2f0 ./Peripheral/src/ch32v30x_tim.o
 .debug_aranges
                0x0000000000000790       0xf0 ./Peripheral/src/ch32v30x_usart.o
 .debug_aranges
                0x0000000000000880       0x50 ./Debug/debug.o

.debug_ranges   0x0000000000000000      0x7f0
 .debug_ranges  0x0000000000000000       0x40 ./User/USB_Device/ch32v30x_usbhs_device.o
 .debug_ranges  0x0000000000000040       0x50 ./User/UART/UART.o
 .debug_ranges  0x0000000000000090       0x20 ./User/ch32v30x_it.o
 .debug_ranges  0x00000000000000b0       0x20 ./User/main.o
 .debug_ranges  0x00000000000000d0       0x28 ./User/system_ch32v30x.o
 .debug_ranges  0x00000000000000f8       0x28 ./Startup/startup_ch32v30x_D8C.o
 .debug_ranges  0x0000000000000120       0x38 ./Peripheral/src/ch32v30x_dbgmcu.o
 .debug_ranges  0x0000000000000158       0x60 ./Peripheral/src/ch32v30x_dma.o
 .debug_ranges  0x00000000000001b8       0xa0 ./Peripheral/src/ch32v30x_gpio.o
 .debug_ranges  0x0000000000000258      0x198 ./Peripheral/src/ch32v30x_rcc.o
 .debug_ranges  0x00000000000003f0      0x2e0 ./Peripheral/src/ch32v30x_tim.o
 .debug_ranges  0x00000000000006d0       0xe0 ./Peripheral/src/ch32v30x_usart.o
 .debug_ranges  0x00000000000007b0       0x40 ./Debug/debug.o

.debug_line     0x0000000000000000     0x9f73
 .debug_line    0x0000000000000000     0x1809 ./User/USB_Device/ch32v30x_usbhs_device.o
 .debug_line    0x0000000000001809      0x211 ./User/USB_Device/usb_desc.o
 .debug_line    0x0000000000001a1a      0xf01 ./User/UART/UART.o
 .debug_line    0x000000000000291b      0x42c ./User/ch32v30x_it.o
 .debug_line    0x0000000000002d47      0x56f ./User/main.o
 .debug_line    0x00000000000032b6      0x655 ./User/system_ch32v30x.o
 .debug_line    0x000000000000390b      0x153 ./Startup/startup_ch32v30x_D8C.o
 .debug_line    0x0000000000003a5e      0x39a ./Peripheral/src/ch32v30x_dbgmcu.o
 .debug_line    0x0000000000003df8      0x92a ./Peripheral/src/ch32v30x_dma.o
 .debug_line    0x0000000000004722      0xdcf ./Peripheral/src/ch32v30x_gpio.o
 .debug_line    0x00000000000054f1     0x14db ./Peripheral/src/ch32v30x_rcc.o
 .debug_line    0x00000000000069cc     0x231d ./Peripheral/src/ch32v30x_tim.o
 .debug_line    0x0000000000008ce9      0xcb7 ./Peripheral/src/ch32v30x_usart.o
 .debug_line    0x00000000000099a0      0x5d3 ./Debug/debug.o

.debug_str      0x0000000000000000     0x37ff
 .debug_str     0x0000000000000000     0x17a0 ./User/USB_Device/ch32v30x_usbhs_device.o
                                       0x1825 (size before relaxing)
 .debug_str     0x00000000000017a0       0x1e ./User/USB_Device/usb_desc.o
                                        0x657 (size before relaxing)
 .debug_str     0x00000000000017be      0x4a6 ./User/UART/UART.o
                                       0x1981 (size before relaxing)
 .debug_str     0x0000000000001c64       0x4f ./User/ch32v30x_it.o
                                        0xa89 (size before relaxing)
 .debug_str     0x0000000000001cb3       0x38 ./User/main.o
                                        0xf29 (size before relaxing)
 .debug_str     0x0000000000001ceb      0x116 ./User/system_ch32v30x.o
                                        0x6f4 (size before relaxing)
 .debug_str     0x0000000000001e01       0x5f ./Startup/startup_ch32v30x_D8C.o
                                         0xb0 (size before relaxing)
 .debug_str     0x0000000000001e60       0xc9 ./Peripheral/src/ch32v30x_dbgmcu.o
                                        0x68a (size before relaxing)
 .debug_str     0x0000000000001f29      0x163 ./Peripheral/src/ch32v30x_dma.o
                                        0x837 (size before relaxing)
 .debug_str     0x000000000000208c      0x281 ./Peripheral/src/ch32v30x_gpio.o
                                        0x9c6 (size before relaxing)
 .debug_str     0x000000000000230d      0x62a ./Peripheral/src/ch32v30x_rcc.o
                                        0xd23 (size before relaxing)
 .debug_str     0x0000000000002937      0xa70 ./Peripheral/src/ch32v30x_tim.o
                                       0x129c (size before relaxing)
 .debug_str     0x00000000000033a7      0x38d ./Peripheral/src/ch32v30x_usart.o
                                        0xafe (size before relaxing)
 .debug_str     0x0000000000003734       0xcb ./Debug/debug.o
                                        0x90c (size before relaxing)

.comment        0x0000000000000000       0x33
 .comment       0x0000000000000000       0x33 ./User/USB_Device/ch32v30x_usbhs_device.o
                                         0x34 (size before relaxing)
 .comment       0x0000000000000033       0x34 ./User/USB_Device/usb_desc.o
 .comment       0x0000000000000033       0x34 ./User/UART/UART.o
 .comment       0x0000000000000033       0x34 ./User/ch32v30x_it.o
 .comment       0x0000000000000033       0x34 ./User/main.o
 .comment       0x0000000000000033       0x34 ./User/system_ch32v30x.o
 .comment       0x0000000000000033       0x34 ./Peripheral/src/ch32v30x_dbgmcu.o
 .comment       0x0000000000000033       0x34 ./Peripheral/src/ch32v30x_dma.o
 .comment       0x0000000000000033       0x34 ./Peripheral/src/ch32v30x_gpio.o
 .comment       0x0000000000000033       0x34 ./Peripheral/src/ch32v30x_rcc.o
 .comment       0x0000000000000033       0x34 ./Peripheral/src/ch32v30x_tim.o
 .comment       0x0000000000000033       0x34 ./Peripheral/src/ch32v30x_usart.o
 .comment       0x0000000000000033       0x34 ./Debug/debug.o

.debug_frame    0x0000000000000000     0x2884
 .debug_frame   0x0000000000000000      0x110 ./User/USB_Device/ch32v30x_usbhs_device.o
 .debug_frame   0x0000000000000110      0x164 ./User/UART/UART.o
 .debug_frame   0x0000000000000274       0x6c ./User/ch32v30x_it.o
 .debug_frame   0x00000000000002e0       0x70 ./User/main.o
 .debug_frame   0x0000000000000350       0xa0 ./User/system_ch32v30x.o
 .debug_frame   0x00000000000003f0       0xd4 ./Peripheral/src/ch32v30x_dbgmcu.o
 .debug_frame   0x00000000000004c4      0x174 ./Peripheral/src/ch32v30x_dma.o
 .debug_frame   0x0000000000000638      0x288 ./Peripheral/src/ch32v30x_gpio.o
 .debug_frame   0x00000000000008c0      0x658 ./Peripheral/src/ch32v30x_rcc.o
 .debug_frame   0x0000000000000f18      0xbbc ./Peripheral/src/ch32v30x_tim.o
 .debug_frame   0x0000000000001ad4      0x380 ./Peripheral/src/ch32v30x_usart.o
 .debug_frame   0x0000000000001e54       0xfc ./Debug/debug.o
 .debug_frame   0x0000000000001f50       0x20 c:/mounriver/mrs_community/toolchain/risc-v embedded gcc/bin/../lib/gcc/riscv-none-embed/8.2.0/../../../../riscv-none-embed/lib/rv32imac/ilp32\libg_nano.a(lib_a-memcpy.o)
 .debug_frame   0x0000000000001f70       0x54 c:/mounriver/mrs_community/toolchain/risc-v embedded gcc/bin/../lib/gcc/riscv-none-embed/8.2.0/../../../../riscv-none-embed/lib/rv32imac/ilp32\libg_nano.a(lib_a-printf.o)
 .debug_frame   0x0000000000001fc4       0x54 c:/mounriver/mrs_community/toolchain/risc-v embedded gcc/bin/../lib/gcc/riscv-none-embed/8.2.0/../../../../riscv-none-embed/lib/rv32imac/ilp32\libg_nano.a(lib_a-puts.o)
 .debug_frame   0x0000000000002018       0x50 c:/mounriver/mrs_community/toolchain/risc-v embedded gcc/bin/../lib/gcc/riscv-none-embed/8.2.0/../../../../riscv-none-embed/lib/rv32imac/ilp32\libg_nano.a(lib_a-wbuf.o)
 .debug_frame   0x0000000000002068       0x3c c:/mounriver/mrs_community/toolchain/risc-v embedded gcc/bin/../lib/gcc/riscv-none-embed/8.2.0/../../../../riscv-none-embed/lib/rv32imac/ilp32\libg_nano.a(lib_a-wsetup.o)
 .debug_frame   0x00000000000020a4       0x7c c:/mounriver/mrs_community/toolchain/risc-v embedded gcc/bin/../lib/gcc/riscv-none-embed/8.2.0/../../../../riscv-none-embed/lib/rv32imac/ilp32\libg_nano.a(lib_a-fflush.o)
 .debug_frame   0x0000000000002120      0x148 c:/mounriver/mrs_community/toolchain/risc-v embedded gcc/bin/../lib/gcc/riscv-none-embed/8.2.0/../../../../riscv-none-embed/lib/rv32imac/ilp32\libg_nano.a(lib_a-findfp.o)
 .debug_frame   0x0000000000002268       0x88 c:/mounriver/mrs_community/toolchain/risc-v embedded gcc/bin/../lib/gcc/riscv-none-embed/8.2.0/../../../../riscv-none-embed/lib/rv32imac/ilp32\libg_nano.a(lib_a-fwalk.o)
 .debug_frame   0x00000000000022f0       0x64 c:/mounriver/mrs_community/toolchain/risc-v embedded gcc/bin/../lib/gcc/riscv-none-embed/8.2.0/../../../../riscv-none-embed/lib/rv32imac/ilp32\libg_nano.a(lib_a-makebuf.o)
 .debug_frame   0x0000000000002354       0x40 c:/mounriver/mrs_community/toolchain/risc-v embedded gcc/bin/../lib/gcc/riscv-none-embed/8.2.0/../../../../riscv-none-embed/lib/rv32imac/ilp32\libg_nano.a(lib_a-nano-freer.o)
 .debug_frame   0x0000000000002394       0x40 c:/mounriver/mrs_community/toolchain/risc-v embedded gcc/bin/../lib/gcc/riscv-none-embed/8.2.0/../../../../riscv-none-embed/lib/rv32imac/ilp32\libg_nano.a(lib_a-nano-mallocr.o)
 .debug_frame   0x00000000000023d4       0xd0 c:/mounriver/mrs_community/toolchain/risc-v embedded gcc/bin/../lib/gcc/riscv-none-embed/8.2.0/../../../../riscv-none-embed/lib/rv32imac/ilp32\libg_nano.a(lib_a-nano-vfprintf.o)
 .debug_frame   0x00000000000024a4       0x8c c:/mounriver/mrs_community/toolchain/risc-v embedded gcc/bin/../lib/gcc/riscv-none-embed/8.2.0/../../../../riscv-none-embed/lib/rv32imac/ilp32\libg_nano.a(lib_a-nano-vfprintf_i.o)
 .debug_frame   0x0000000000002530       0x30 c:/mounriver/mrs_community/toolchain/risc-v embedded gcc/bin/../lib/gcc/riscv-none-embed/8.2.0/../../../../riscv-none-embed/lib/rv32imac/ilp32\libg_nano.a(lib_a-sbrkr.o)
 .debug_frame   0x0000000000002560       0xa4 c:/mounriver/mrs_community/toolchain/risc-v embedded gcc/bin/../lib/gcc/riscv-none-embed/8.2.0/../../../../riscv-none-embed/lib/rv32imac/ilp32\libg_nano.a(lib_a-stdio.o)
 .debug_frame   0x0000000000002604       0x30 c:/mounriver/mrs_community/toolchain/risc-v embedded gcc/bin/../lib/gcc/riscv-none-embed/8.2.0/../../../../riscv-none-embed/lib/rv32imac/ilp32\libg_nano.a(lib_a-writer.o)
 .debug_frame   0x0000000000002634       0x30 c:/mounriver/mrs_community/toolchain/risc-v embedded gcc/bin/../lib/gcc/riscv-none-embed/8.2.0/../../../../riscv-none-embed/lib/rv32imac/ilp32\libg_nano.a(lib_a-closer.o)
 .debug_frame   0x0000000000002664       0x30 c:/mounriver/mrs_community/toolchain/risc-v embedded gcc/bin/../lib/gcc/riscv-none-embed/8.2.0/../../../../riscv-none-embed/lib/rv32imac/ilp32\libg_nano.a(lib_a-fstatr.o)
 .debug_frame   0x0000000000002694       0x30 c:/mounriver/mrs_community/toolchain/risc-v embedded gcc/bin/../lib/gcc/riscv-none-embed/8.2.0/../../../../riscv-none-embed/lib/rv32imac/ilp32\libg_nano.a(lib_a-isattyr.o)
 .debug_frame   0x00000000000026c4       0x30 c:/mounriver/mrs_community/toolchain/risc-v embedded gcc/bin/../lib/gcc/riscv-none-embed/8.2.0/../../../../riscv-none-embed/lib/rv32imac/ilp32\libg_nano.a(lib_a-lseekr.o)
 .debug_frame   0x00000000000026f4       0x20 c:/mounriver/mrs_community/toolchain/risc-v embedded gcc/bin/../lib/gcc/riscv-none-embed/8.2.0/../../../../riscv-none-embed/lib/rv32imac/ilp32\libg_nano.a(lib_a-memchr.o)
 .debug_frame   0x0000000000002714       0x30 c:/mounriver/mrs_community/toolchain/risc-v embedded gcc/bin/../lib/gcc/riscv-none-embed/8.2.0/../../../../riscv-none-embed/lib/rv32imac/ilp32\libg_nano.a(lib_a-mlock.o)
 .debug_frame   0x0000000000002744       0x30 c:/mounriver/mrs_community/toolchain/risc-v embedded gcc/bin/../lib/gcc/riscv-none-embed/8.2.0/../../../../riscv-none-embed/lib/rv32imac/ilp32\libg_nano.a(lib_a-readr.o)
 .debug_frame   0x0000000000002774       0x70 c:/mounriver/mrs_community/toolchain/risc-v embedded gcc/bin/../lib/gcc/riscv-none-embed/8.2.0/../../../../riscv-none-embed/lib/rv32imac/ilp32\libg_nano.a(lib_a-reent.o)
 .debug_frame   0x00000000000027e4       0x20 c:/mounriver/mrs_community/toolchain/risc-v embedded gcc/bin/../lib/gcc/riscv-none-embed/8.2.0/../../../../riscv-none-embed/lib/rv32imac/ilp32\libnosys.a(close.o)
 .debug_frame   0x0000000000002804       0x20 c:/mounriver/mrs_community/toolchain/risc-v embedded gcc/bin/../lib/gcc/riscv-none-embed/8.2.0/../../../../riscv-none-embed/lib/rv32imac/ilp32\libnosys.a(fstat.o)
 .debug_frame   0x0000000000002824       0x20 c:/mounriver/mrs_community/toolchain/risc-v embedded gcc/bin/../lib/gcc/riscv-none-embed/8.2.0/../../../../riscv-none-embed/lib/rv32imac/ilp32\libnosys.a(isatty.o)
 .debug_frame   0x0000000000002844       0x20 c:/mounriver/mrs_community/toolchain/risc-v embedded gcc/bin/../lib/gcc/riscv-none-embed/8.2.0/../../../../riscv-none-embed/lib/rv32imac/ilp32\libnosys.a(lseek.o)
 .debug_frame   0x0000000000002864       0x20 c:/mounriver/mrs_community/toolchain/risc-v embedded gcc/bin/../lib/gcc/riscv-none-embed/8.2.0/../../../../riscv-none-embed/lib/rv32imac/ilp32\libnosys.a(read.o)

.stab           0x0000000000000000       0x84
 .stab          0x0000000000000000       0x24 c:/mounriver/mrs_community/toolchain/risc-v embedded gcc/bin/../lib/gcc/riscv-none-embed/8.2.0/../../../../riscv-none-embed/lib/rv32imac/ilp32\libnosys.a(close.o)
 .stab          0x0000000000000024       0x18 c:/mounriver/mrs_community/toolchain/risc-v embedded gcc/bin/../lib/gcc/riscv-none-embed/8.2.0/../../../../riscv-none-embed/lib/rv32imac/ilp32\libnosys.a(fstat.o)
                                         0x24 (size before relaxing)
 .stab          0x000000000000003c       0x18 c:/mounriver/mrs_community/toolchain/risc-v embedded gcc/bin/../lib/gcc/riscv-none-embed/8.2.0/../../../../riscv-none-embed/lib/rv32imac/ilp32\libnosys.a(isatty.o)
                                         0x24 (size before relaxing)
 .stab          0x0000000000000054       0x18 c:/mounriver/mrs_community/toolchain/risc-v embedded gcc/bin/../lib/gcc/riscv-none-embed/8.2.0/../../../../riscv-none-embed/lib/rv32imac/ilp32\libnosys.a(lseek.o)
                                         0x24 (size before relaxing)
 .stab          0x000000000000006c       0x18 c:/mounriver/mrs_community/toolchain/risc-v embedded gcc/bin/../lib/gcc/riscv-none-embed/8.2.0/../../../../riscv-none-embed/lib/rv32imac/ilp32\libnosys.a(read.o)
                                         0x24 (size before relaxing)

.stabstr        0x0000000000000000      0x117
 .stabstr       0x0000000000000000      0x117 c:/mounriver/mrs_community/toolchain/risc-v embedded gcc/bin/../lib/gcc/riscv-none-embed/8.2.0/../../../../riscv-none-embed/lib/rv32imac/ilp32\libnosys.a(close.o)
